// Jest Snapshot v1, https://goo.gl/fbAQLP

exports[`test ServerlessBotFrameworkStack stack 1`] = `Object {}`;
